2026-01-23T05:39:08.8727134Z Current runner version: '2.331.0'
2026-01-23T05:39:08.8752235Z ##[group]Runner Image Provisioner
2026-01-23T05:39:08.8752991Z Hosted Compute Agent
2026-01-23T05:39:08.8753565Z Version: 20260115.477
2026-01-23T05:39:08.8754222Z Commit: 4b342d620503cbe250a3154040964899ea7c9b00
2026-01-23T05:39:08.8754938Z Build Date: 2026-01-15T22:32:41Z
2026-01-23T05:39:08.8755896Z Worker ID: {0efe9644-c953-4e62-b115-d6cf81bf2770}
2026-01-23T05:39:08.8756985Z Azure Region: eastus
2026-01-23T05:39:08.8757543Z ##[endgroup]
2026-01-23T05:39:08.8759017Z ##[group]Operating System
2026-01-23T05:39:08.8759724Z Ubuntu
2026-01-23T05:39:08.8760177Z 24.04.3
2026-01-23T05:39:08.8760675Z LTS
2026-01-23T05:39:08.8761162Z ##[endgroup]
2026-01-23T05:39:08.8761680Z ##[group]Runner Image
2026-01-23T05:39:08.8762221Z Image: ubuntu-24.04
2026-01-23T05:39:08.8762775Z Version: 20260119.4.1
2026-01-23T05:39:08.8763904Z Included Software: https://github.com/actions/runner-images/blob/ubuntu24/20260119.4/images/ubuntu/Ubuntu2404-Readme.md
2026-01-23T05:39:08.8765475Z Image Release: https://github.com/actions/runner-images/releases/tag/ubuntu24%2F20260119.4
2026-01-23T05:39:08.8766770Z ##[endgroup]
2026-01-23T05:39:08.8767904Z ##[group]GITHUB_TOKEN Permissions
2026-01-23T05:39:08.8769744Z Contents: read
2026-01-23T05:39:08.8770350Z Metadata: read
2026-01-23T05:39:08.8770897Z Pages: write
2026-01-23T05:39:08.8771440Z ##[endgroup]
2026-01-23T05:39:08.8773422Z Secret source: Actions
2026-01-23T05:39:08.8774221Z Prepare workflow directory
2026-01-23T05:39:08.9747235Z Prepare all required actions
2026-01-23T05:39:08.9784614Z Getting action download info
2026-01-23T05:39:09.2292262Z Download action repository 'actions/checkout@v4' (SHA:34e114876b0b11c390a56381ad16ebd13914f8d5)
2026-01-23T05:39:09.3319450Z Download action repository 'withastro/action@v5' (SHA:fc88a7002f0c62327f26fb1b15f2a1d581249278)
2026-01-23T05:39:09.7886873Z Getting action download info
2026-01-23T05:39:10.0315592Z Download action repository 'pnpm/action-setup@41ff72655975bd51cab0327fa583b6e92b6d3061' (SHA:41ff72655975bd51cab0327fa583b6e92b6d3061)
2026-01-23T05:39:10.2366094Z Download action repository 'oven-sh/setup-bun@735343b667d3e6f658f44d0eca948eb6282f2b76' (SHA:735343b667d3e6f658f44d0eca948eb6282f2b76)
2026-01-23T05:39:10.4046354Z Download action repository 'denoland/setup-deno@e95548e56dfa95d4e1a28d6f422fafe75c4c26fb' (SHA:e95548e56dfa95d4e1a28d6f422fafe75c4c26fb)
2026-01-23T05:39:10.5611288Z Download action repository 'actions/setup-node@2028fbc5c25fe9cf00d9f06a71cc4710d4507903' (SHA:2028fbc5c25fe9cf00d9f06a71cc4710d4507903)
2026-01-23T05:39:10.7947958Z Download action repository 'actions/cache@9255dc7a253b0ccc959486e2bca901246202afeb' (SHA:9255dc7a253b0ccc959486e2bca901246202afeb)
2026-01-23T05:39:10.9880320Z Download action repository 'actions/upload-artifact@ea165f8d65b6e75b540449e92b4886f43607fa02' (SHA:ea165f8d65b6e75b540449e92b4886f43607fa02)
2026-01-23T05:39:11.3154419Z Complete job name: build
2026-01-23T05:39:11.5319794Z ##[group]Run actions/checkout@v4
2026-01-23T05:39:11.5320485Z with:
2026-01-23T05:39:11.5320750Z   repository: Finerestaurant/new-token
2026-01-23T05:39:11.5321290Z   token: ***
2026-01-23T05:39:11.5321519Z   ssh-strict: true
2026-01-23T05:39:11.5321745Z   ssh-user: git
2026-01-23T05:39:11.5321982Z   persist-credentials: true
2026-01-23T05:39:11.5322252Z   clean: true
2026-01-23T05:39:11.5322500Z   sparse-checkout-cone-mode: true
2026-01-23T05:39:11.5322785Z   fetch-depth: 1
2026-01-23T05:39:11.5323193Z   fetch-tags: false
2026-01-23T05:39:11.5323436Z   show-progress: true
2026-01-23T05:39:11.5323671Z   lfs: false
2026-01-23T05:39:11.5323883Z   submodules: false
2026-01-23T05:39:11.5324116Z   set-safe-directory: true
2026-01-23T05:39:11.5324602Z ##[endgroup]
2026-01-23T05:39:11.6389766Z Syncing repository: Finerestaurant/new-token
2026-01-23T05:39:11.6391163Z ##[group]Getting Git version info
2026-01-23T05:39:11.6391692Z Working directory is '/home/runner/work/new-token/new-token'
2026-01-23T05:39:11.6392292Z [command]/usr/bin/git version
2026-01-23T05:39:11.6486018Z git version 2.52.0
2026-01-23T05:39:11.6511707Z ##[endgroup]
2026-01-23T05:39:11.6525158Z Temporarily overriding HOME='/home/runner/work/_temp/e771f08d-0921-4fd7-a8b3-70ba4f8655e1' before making global git config changes
2026-01-23T05:39:11.6526445Z Adding repository directory to the temporary git global config as a safe directory
2026-01-23T05:39:11.6538564Z [command]/usr/bin/git config --global --add safe.directory /home/runner/work/new-token/new-token
2026-01-23T05:39:11.6578326Z Deleting the contents of '/home/runner/work/new-token/new-token'
2026-01-23T05:39:11.6581778Z ##[group]Initializing the repository
2026-01-23T05:39:11.6586021Z [command]/usr/bin/git init /home/runner/work/new-token/new-token
2026-01-23T05:39:11.6693725Z hint: Using 'master' as the name for the initial branch. This default branch name
2026-01-23T05:39:11.6694861Z hint: will change to "main" in Git 3.0. To configure the initial branch name
2026-01-23T05:39:11.6695979Z hint: to use in all of your new repositories, which will suppress this warning,
2026-01-23T05:39:11.6696661Z hint: call:
2026-01-23T05:39:11.6696879Z hint:
2026-01-23T05:39:11.6697206Z hint: 	git config --global init.defaultBranch <name>
2026-01-23T05:39:11.6697786Z hint:
2026-01-23T05:39:11.6698397Z hint: Names commonly chosen instead of 'master' are 'main', 'trunk' and
2026-01-23T05:39:11.6699302Z hint: 'development'. The just-created branch can be renamed via this command:
2026-01-23T05:39:11.6700008Z hint:
2026-01-23T05:39:11.6700370Z hint: 	git branch -m <name>
2026-01-23T05:39:11.6700791Z hint:
2026-01-23T05:39:11.6701249Z hint: Disable this message with "git config set advice.defaultBranchName false"
2026-01-23T05:39:11.6701873Z Initialized empty Git repository in /home/runner/work/new-token/new-token/.git/
2026-01-23T05:39:11.6709065Z [command]/usr/bin/git remote add origin https://github.com/Finerestaurant/new-token
2026-01-23T05:39:11.6741161Z ##[endgroup]
2026-01-23T05:39:11.6741740Z ##[group]Disabling automatic garbage collection
2026-01-23T05:39:11.6745384Z [command]/usr/bin/git config --local gc.auto 0
2026-01-23T05:39:11.6772101Z ##[endgroup]
2026-01-23T05:39:11.6772632Z ##[group]Setting up auth
2026-01-23T05:39:11.6778964Z [command]/usr/bin/git config --local --name-only --get-regexp core\.sshCommand
2026-01-23T05:39:11.6807530Z [command]/usr/bin/git submodule foreach --recursive sh -c "git config --local --name-only --get-regexp 'core\.sshCommand' && git config --local --unset-all 'core.sshCommand' || :"
2026-01-23T05:39:11.7170363Z [command]/usr/bin/git config --local --name-only --get-regexp http\.https\:\/\/github\.com\/\.extraheader
2026-01-23T05:39:11.7199947Z [command]/usr/bin/git submodule foreach --recursive sh -c "git config --local --name-only --get-regexp 'http\.https\:\/\/github\.com\/\.extraheader' && git config --local --unset-all 'http.https://github.com/.extraheader' || :"
2026-01-23T05:39:11.7416457Z [command]/usr/bin/git config --local --name-only --get-regexp ^includeIf\.gitdir:
2026-01-23T05:39:11.7453791Z [command]/usr/bin/git submodule foreach --recursive git config --local --show-origin --name-only --get-regexp remote.origin.url
2026-01-23T05:39:11.7674315Z [command]/usr/bin/git config --local http.https://github.com/.extraheader AUTHORIZATION: basic ***
2026-01-23T05:39:11.7707028Z ##[endgroup]
2026-01-23T05:39:11.7707549Z ##[group]Fetching the repository
2026-01-23T05:39:11.7715135Z [command]/usr/bin/git -c protocol.version=2 fetch --no-tags --prune --no-recurse-submodules --depth=1 origin +60726b3cd26113a45b99c5ab87c9cc346506fbab:refs/remotes/origin/main
2026-01-23T05:39:11.9337833Z From https://github.com/Finerestaurant/new-token
2026-01-23T05:39:11.9339246Z  * [new ref]         60726b3cd26113a45b99c5ab87c9cc346506fbab -> origin/main
2026-01-23T05:39:11.9373048Z ##[endgroup]
2026-01-23T05:39:11.9373957Z ##[group]Determining the checkout info
2026-01-23T05:39:11.9375203Z ##[endgroup]
2026-01-23T05:39:11.9381160Z [command]/usr/bin/git sparse-checkout disable
2026-01-23T05:39:11.9423902Z [command]/usr/bin/git config --local --unset-all extensions.worktreeConfig
2026-01-23T05:39:11.9457600Z ##[group]Checking out the ref
2026-01-23T05:39:11.9458470Z [command]/usr/bin/git checkout --progress --force -B main refs/remotes/origin/main
2026-01-23T05:39:11.9541291Z Switched to a new branch 'main'
2026-01-23T05:39:11.9543913Z branch 'main' set up to track 'origin/main'.
2026-01-23T05:39:11.9550559Z ##[endgroup]
2026-01-23T05:39:11.9584844Z [command]/usr/bin/git log -1 --format=%H
2026-01-23T05:39:11.9606732Z 60726b3cd26113a45b99c5ab87c9cc346506fbab
2026-01-23T05:39:12.0684454Z ##[group]Run withastro/action@v5
2026-01-23T05:39:12.0684836Z with:
2026-01-23T05:39:12.0685054Z   node-version: 22
2026-01-23T05:39:12.0685285Z   path: .
2026-01-23T05:39:12.0685491Z   cache: true
2026-01-23T05:39:12.0685894Z   cache-dir: node_modules/.astro
2026-01-23T05:39:12.0686171Z ##[endgroup]
2026-01-23T05:39:12.1034854Z ##[group]Run len=`echo $INPUT_PM | wc -c`
2026-01-23T05:39:12.1035400Z [36;1mlen=`echo $INPUT_PM | wc -c`[0m
2026-01-23T05:39:12.1035932Z [36;1mif [ $len -gt 1 ]; then[0m
2026-01-23T05:39:12.1036359Z [36;1m  PACKAGE_MANAGER=$(echo "$INPUT_PM" | grep -o '^[^@]*')[0m
2026-01-23T05:39:12.1036853Z [36;1m  VERSION=$(echo "$INPUT_PM" | { grep -o '@.*' || true; } | sed 's/^@//')[0m
2026-01-23T05:39:12.1037302Z [36;1m  # Set default VERSION if not provided[0m
2026-01-23T05:39:12.1037644Z [36;1m  if [ -z "$VERSION" ]; then[0m
2026-01-23T05:39:12.1037964Z [36;1m      if [ "$PACKAGE_MANAGER" = "deno" ]; then[0m
2026-01-23T05:39:12.1038425Z [36;1m          # The denoland/setup-deno action equivalent of "latest"[0m
2026-01-23T05:39:12.1038810Z [36;1m          VERSION="vx.x.x"[0m
2026-01-23T05:39:12.1039083Z [36;1m      else[0m
2026-01-23T05:39:12.1039313Z [36;1m          VERSION="latest"[0m
2026-01-23T05:39:12.1039576Z [36;1m      fi[0m
2026-01-23T05:39:12.1039787Z [36;1m  fi[0m
2026-01-23T05:39:12.1040088Z [36;1m  echo "PACKAGE_MANAGER=$PACKAGE_MANAGER" >> $GITHUB_ENV[0m
2026-01-23T05:39:12.1040539Z [36;1melif [ $(find "." -maxdepth 1 -name "pnpm-lock.yaml") ]; then[0m
2026-01-23T05:39:12.1040959Z [36;1m    echo "PACKAGE_MANAGER=pnpm" >> $GITHUB_ENV[0m
2026-01-23T05:39:12.1041340Z [36;1m    echo "LOCKFILE=pnpm-lock.yaml" >> $GITHUB_ENV[0m
2026-01-23T05:39:12.1041765Z [36;1m    # If packageManager field is not present, use latest version.[0m
2026-01-23T05:39:12.1042243Z [36;1m    if ! jq -e '.packageManager' package.json > /dev/null 2>&1; then[0m
2026-01-23T05:39:12.1042620Z [36;1m        VERSION="latest"[0m
2026-01-23T05:39:12.1043050Z [36;1m        # Annotate this action run to let users know we’re using the default.[0m
2026-01-23T05:39:12.1044263Z [36;1m        echo "::warning title=Could not detect PNPM version::No \`packageManager\` field found in \`package.json\`. Using latest PNPM version instead. We recommend specifying \`pnpm@VERSION\` explicitly using the \`packageManager\` field in your \`package.json\`."[0m
2026-01-23T05:39:12.1045321Z [36;1m    fi[0m
2026-01-23T05:39:12.1045725Z [36;1melif [ $(find "." -maxdepth 1 -name "yarn.lock") ]; then[0m
2026-01-23T05:39:12.1046151Z [36;1m    echo "PACKAGE_MANAGER=yarn" >> $GITHUB_ENV[0m
2026-01-23T05:39:12.1046506Z [36;1m    echo "LOCKFILE=yarn.lock" >> $GITHUB_ENV[0m
2026-01-23T05:39:12.1046917Z [36;1melif [ $(find "." -maxdepth 1 -name "package-lock.json") ]; then[0m
2026-01-23T05:39:12.1047296Z [36;1m    VERSION="latest"[0m
2026-01-23T05:39:12.1047597Z [36;1m    echo "PACKAGE_MANAGER=npm" >> $GITHUB_ENV[0m
2026-01-23T05:39:12.1047977Z [36;1m    echo "LOCKFILE=package-lock.json" >> $GITHUB_ENV[0m
2026-01-23T05:39:12.1048389Z [36;1melif [ $(find "." -maxdepth 1 -name "bun.lock") ]; then[0m
2026-01-23T05:39:12.1048738Z [36;1m    VERSION="latest"[0m
2026-01-23T05:39:12.1049027Z [36;1m    echo "PACKAGE_MANAGER=bun" >> $GITHUB_ENV[0m
2026-01-23T05:39:12.1049374Z [36;1m    echo "LOCKFILE=bun.lock" >> $GITHUB_ENV[0m
2026-01-23T05:39:12.1049744Z [36;1melif [ $(find "." -maxdepth 1 -name "bun.lockb") ]; then[0m
2026-01-23T05:39:12.1050094Z [36;1m    VERSION="latest"[0m
2026-01-23T05:39:12.1050598Z [36;1m    echo "PACKAGE_MANAGER=bun" >> $GITHUB_ENV[0m
2026-01-23T05:39:12.1050955Z [36;1m    echo "LOCKFILE=bun.lockb" >> $GITHUB_ENV[0m
2026-01-23T05:39:12.1051384Z [36;1melif [ -f "deno.json" ] || [ -f "deno.jsonc" ] || [ -f "deno.lock" ]; then[0m
2026-01-23T05:39:12.1051791Z [36;1m    VERSION="vx.x.x"[0m
2026-01-23T05:39:12.1052099Z [36;1m    echo "PACKAGE_MANAGER=deno" >> $GITHUB_ENV[0m
2026-01-23T05:39:12.1052623Z [36;1m    echo "LOCKFILE=deno.lock" >> $GITHUB_ENV[0m
2026-01-23T05:39:12.1052937Z [36;1melse[0m
2026-01-23T05:39:12.1053231Z [36;1m    echo "No lockfile found.[0m
2026-01-23T05:39:12.1053671Z [36;1mPlease specify your preferred \"package-manager\" in the action configuration."[0m
2026-01-23T05:39:12.1054125Z [36;1m    exit 1[0m
2026-01-23T05:39:12.1054339Z [36;1mfi[0m
2026-01-23T05:39:12.1054581Z [36;1mecho "VERSION=$VERSION" >> $GITHUB_ENV[0m
2026-01-23T05:39:12.1091132Z shell: /usr/bin/bash --noprofile --norc -e -o pipefail {0}
2026-01-23T05:39:12.1091534Z env:
2026-01-23T05:39:12.1091739Z   INPUT_PM: 
2026-01-23T05:39:12.1091958Z ##[endgroup]
2026-01-23T05:39:12.2506574Z ##[group]Run actions/setup-node@2028fbc5c25fe9cf00d9f06a71cc4710d4507903
2026-01-23T05:39:12.2507055Z with:
2026-01-23T05:39:12.2507272Z   node-version: 22
2026-01-23T05:39:12.2507492Z   cache: npm
2026-01-23T05:39:12.2507748Z   cache-dependency-path: ./package-lock.json
2026-01-23T05:39:12.2508078Z   always-auth: false
2026-01-23T05:39:12.2508344Z   check-latest: false
2026-01-23T05:39:12.2508723Z   token: ***
2026-01-23T05:39:12.2508957Z   package-manager-cache: true
2026-01-23T05:39:12.2509222Z env:
2026-01-23T05:39:12.2509423Z   PACKAGE_MANAGER: npm
2026-01-23T05:39:12.2509673Z   LOCKFILE: package-lock.json
2026-01-23T05:39:12.2509925Z   VERSION: latest
2026-01-23T05:39:12.2510145Z ##[endgroup]
2026-01-23T05:39:12.4328606Z Found in cache @ /opt/hostedtoolcache/node/22.22.0/x64
2026-01-23T05:39:12.4337400Z (node:2256) [DEP0040] DeprecationWarning: The `punycode` module is deprecated. Please use a userland alternative instead.
2026-01-23T05:39:12.4338913Z (Use `node --trace-deprecation ...` to show where the warning was created)
2026-01-23T05:39:12.4341518Z ##[group]Environment details
2026-01-23T05:39:15.3524297Z node: v22.22.0
2026-01-23T05:39:15.3524785Z npm: 10.9.4
2026-01-23T05:39:15.3525264Z yarn: 1.22.22
2026-01-23T05:39:15.3526573Z ##[endgroup]
2026-01-23T05:39:15.3547462Z [command]/opt/hostedtoolcache/node/22.22.0/x64/bin/npm config get cache
2026-01-23T05:39:15.6379259Z /home/runner/.npm
2026-01-23T05:39:15.7086884Z Cache hit for: node-cache-Linux-x64-npm-3f16162c7c30ae52788b816e69cf88e045e85067d11f962aef1b9af21d9d573c
2026-01-23T05:39:15.7189840Z (node:2256) [DEP0169] DeprecationWarning: `url.parse()` behavior is not standardized and prone to errors that have security implications. Use the WHATWG URL API instead. CVEs are not issued for `url.parse()` vulnerabilities.
2026-01-23T05:39:16.2135985Z Received 96838338 of 96838338 (100.0%), 197.3 MBs/sec
2026-01-23T05:39:16.2137034Z Cache Size: ~92 MB (96838338 B)
2026-01-23T05:39:16.2173247Z [command]/usr/bin/tar -xf /home/runner/work/_temp/ed2b73d8-7eac-48b1-ba75-31cb32d6e9bb/cache.tzst -P -C /home/runner/work/new-token/new-token --use-compress-program unzstd
2026-01-23T05:39:16.4105178Z Cache restored successfully
2026-01-23T05:39:16.4294208Z Cache restored from key: node-cache-Linux-x64-npm-3f16162c7c30ae52788b816e69cf88e045e85067d11f962aef1b9af21d9d573c
2026-01-23T05:39:16.4885249Z ##[group]Run if [ "$PACKAGE_MANAGER" = "deno" ]; then
2026-01-23T05:39:16.4885934Z [36;1mif [ "$PACKAGE_MANAGER" = "deno" ]; then[0m
2026-01-23T05:39:16.4886343Z [36;1m  # For Deno projects with deno.json, cache dependencies[0m
2026-01-23T05:39:16.4886747Z [36;1m  if [ -f "deno.json" ] || [ -f "deno.jsonc" ]; then[0m
2026-01-23T05:39:16.4887097Z [36;1m    echo "Caching Deno dependencies..."[0m
2026-01-23T05:39:16.4887523Z [36;1m    deno cache --lock=deno.lock --lock-write **/*.ts **/*.tsx 2>/dev/null || true[0m
2026-01-23T05:39:16.4888130Z [36;1m  fi[0m
2026-01-23T05:39:16.4888442Z [36;1m  # For hybrid projects with package.json, install npm dependencies[0m
2026-01-23T05:39:16.4888829Z [36;1m  if [ -f "package.json" ]; then[0m
2026-01-23T05:39:16.4889157Z [36;1m    echo "Installing npm dependencies with Deno..."[0m
2026-01-23T05:39:16.4889490Z [36;1m    deno install --allow-scripts[0m
2026-01-23T05:39:16.4889742Z [36;1m  fi[0m
2026-01-23T05:39:16.4889927Z [36;1melse[0m
2026-01-23T05:39:16.4890257Z [36;1m  # Standard package manager install[0m
2026-01-23T05:39:16.4890541Z [36;1m  $PACKAGE_MANAGER install[0m
2026-01-23T05:39:16.4890790Z [36;1mfi[0m
2026-01-23T05:39:16.4953953Z shell: /usr/bin/bash --noprofile --norc -e -o pipefail {0}
2026-01-23T05:39:16.4954335Z env:
2026-01-23T05:39:16.4954521Z   PACKAGE_MANAGER: npm
2026-01-23T05:39:16.4954748Z   LOCKFILE: package-lock.json
2026-01-23T05:39:16.4954981Z   VERSION: latest
2026-01-23T05:39:16.4955165Z ##[endgroup]
2026-01-23T05:39:21.7164354Z 
2026-01-23T05:39:21.7171287Z added 369 packages, and audited 370 packages in 5s
2026-01-23T05:39:21.7171634Z 
2026-01-23T05:39:21.7171853Z 207 packages are looking for funding
2026-01-23T05:39:21.7172163Z   run `npm fund` for details
2026-01-23T05:39:21.7175346Z 
2026-01-23T05:39:21.7175536Z found 0 vulnerabilities
2026-01-23T05:39:21.8024483Z ##[group]Run actions/cache/restore@9255dc7a253b0ccc959486e2bca901246202afeb
2026-01-23T05:39:21.8024854Z with:
2026-01-23T05:39:21.8025039Z   path: ./node_modules/.astro
2026-01-23T05:39:21.8025363Z   key: astro-cache-Linux-60726b3cd26113a45b99c5ab87c9cc346506fbab
2026-01-23T05:39:21.8026040Z   restore-keys: astro-cache-Linux-

2026-01-23T05:39:21.8026334Z   enableCrossOsArchive: false
2026-01-23T05:39:21.8026569Z   fail-on-cache-miss: false
2026-01-23T05:39:21.8026791Z   lookup-only: false
2026-01-23T05:39:21.8026988Z env:
2026-01-23T05:39:21.8027153Z   PACKAGE_MANAGER: npm
2026-01-23T05:39:21.8027369Z   LOCKFILE: package-lock.json
2026-01-23T05:39:21.8027588Z   VERSION: latest
2026-01-23T05:39:21.8027776Z ##[endgroup]
2026-01-23T05:39:21.9727111Z Cache hit for restore-key: astro-cache-Linux-dc57c955ad7c8386b12397812facd3f5e9dee8ff
2026-01-23T05:39:22.0477575Z Received 34015 of 34015 (100.0%), 1.2 MBs/sec
2026-01-23T05:39:22.0478219Z Cache Size: ~0 MB (34015 B)
2026-01-23T05:39:22.0512171Z [command]/usr/bin/tar -xf /home/runner/work/_temp/c9a27156-7769-4a18-a181-a67f98664c69/cache.tzst -P -C /home/runner/work/new-token/new-token --use-compress-program unzstd
2026-01-23T05:39:22.0577880Z Cache restored successfully
2026-01-23T05:39:22.0655331Z Cache restored from key: astro-cache-Linux-dc57c955ad7c8386b12397812facd3f5e9dee8ff
2026-01-23T05:39:22.0821425Z ##[group]Run $PACKAGE_MANAGER run build
2026-01-23T05:39:22.0821752Z [36;1m$PACKAGE_MANAGER run build[0m
2026-01-23T05:39:22.0853214Z shell: /usr/bin/bash --noprofile --norc -e -o pipefail {0}
2026-01-23T05:39:22.0853546Z env:
2026-01-23T05:39:22.0853728Z   PACKAGE_MANAGER: npm
2026-01-23T05:39:22.0853953Z   LOCKFILE: package-lock.json
2026-01-23T05:39:22.0854206Z   VERSION: latest
2026-01-23T05:39:22.0854391Z ##[endgroup]
2026-01-23T05:39:22.1791535Z 
2026-01-23T05:39:22.1792034Z > new-token@0.0.1 build
2026-01-23T05:39:22.1792439Z > astro build
2026-01-23T05:39:22.1792603Z 
2026-01-23T05:39:24.6850353Z [2m05:39:24[22m [34m[content][39m Syncing content
2026-01-23T05:39:24.7286360Z [2m05:39:24[22m [34m[content][39m Synced content
2026-01-23T05:39:24.7292019Z [2m05:39:24[22m [34m[types][39m Generated [2m530ms[22m
2026-01-23T05:39:24.7296030Z [2m05:39:24[22m [34m[build][39m output: [34m"static"[39m
2026-01-23T05:39:24.7297210Z [2m05:39:24[22m [34m[build][39m mode: [34m"static"[39m
2026-01-23T05:39:24.7298538Z [2m05:39:24[22m [34m[build][39m directory: [34m/home/runner/work/new-token/new-token/dist/[39m
2026-01-23T05:39:24.7299767Z [2m05:39:24[22m [34m[build][39m Collecting build info...
2026-01-23T05:39:24.7300816Z [2m05:39:24[22m [34m[build][39m [32m✓ Completed in 671ms.[39m
2026-01-23T05:39:24.7312094Z [2m05:39:24[22m [34m[build][39m Building static entrypoints...
2026-01-23T05:39:26.4759630Z [2m05:39:26[22m [34m[vite][39m [32m✓ built in 1.72s[39m
2026-01-23T05:39:26.4760610Z [2m05:39:26[22m [34m[build][39m [32m✓ Completed in 1.74s.[39m
2026-01-23T05:39:26.4764782Z 
2026-01-23T05:39:26.4765479Z [42m[30m building client (vite) [39m[49m
2026-01-23T05:39:26.4854816Z [2m05:39:26[22m [34m[vite][39m transforming...
2026-01-23T05:39:26.6736595Z [2m05:39:26[22m [34m[vite][39m [32m✓[39m 18 modules transformed.
2026-01-23T05:39:26.6977854Z [2m05:39:26[22m [34m[vite][39m rendering chunks...
2026-01-23T05:39:26.7228100Z [2m05:39:26[22m [34m[vite][39m computing gzip size...
2026-01-23T05:39:26.7264190Z [2m05:39:26[22m [34m[vite][39m [2mdist/[22m[2m_astro/[22m[32mec.0vx5m.js                                                             [39m[1m[2m 2.52 kB[22m[1m[22m
2026-01-23T05:39:26.7301486Z [2m05:39:26[22m [34m[vite][39m [2mdist/[22m[2m_astro/[22m[35mec.v4551.css                                                            [39m[1m[2m18.22 kB[22m[1m[22m[2m │ gzip:  3.96 kB[22m
2026-01-23T05:39:26.7304450Z [2m05:39:26[22m [34m[vite][39m [2mdist/[22m[2m_astro/[22m[36mMobileTableOfContents.astro_astro_type_script_index_0_lang.C181hMzK.js  [39m[1m[2m 0.67 kB[22m[1m[22m[2m │ gzip:  0.40 kB[22m
2026-01-23T05:39:26.7307815Z [2m05:39:26[22m [34m[vite][39m [2mdist/[22m[2m_astro/[22m[36mTableOfContents.astro_astro_type_script_index_0_lang.CKWWgpjV.js        [39m[1m[2m 1.67 kB[22m[1m[22m[2m │ gzip:  0.86 kB[22m
2026-01-23T05:39:26.7310779Z [2m05:39:26[22m [34m[vite][39m [2mdist/[22m[2m_astro/[22m[36mpage.B1D-nYk3.js                                                        [39m[1m[2m 2.24 kB[22m[1m[22m[2m │ gzip:  1.01 kB[22m
2026-01-23T05:39:26.7313659Z [2m05:39:26[22m [34m[vite][39m [2mdist/[22m[2m_astro/[22m[36mSearch.astro_astro_type_script_index_0_lang.cjYDvRdi.js                 [39m[1m[2m 2.69 kB[22m[1m[22m[2m │ gzip:  1.38 kB[22m
2026-01-23T05:39:26.7316689Z [2m05:39:26[22m [34m[vite][39m [2mdist/[22m[2m_astro/[22m[36mui-core.D_Lfcn_I.js                                                     [39m[1m[2m72.93 kB[22m[1m[22m[2m │ gzip: 22.86 kB[22m
2026-01-23T05:39:26.7318220Z [2m05:39:26[22m [34m[vite][39m [32m✓ built in 246ms[39m
2026-01-23T05:39:26.7521627Z 
2026-01-23T05:39:26.7522946Z [42m[30m generating static routes [39m[49m
2026-01-23T05:39:26.7770969Z [2m05:39:26[22m [32m▶[39m @astrojs/starlight/routes/static/404.astro
2026-01-23T05:39:26.7840430Z Entry docs → 404 was not found.
2026-01-23T05:39:26.8155430Z [2m05:39:26[22m   [34m└─[39m [2m/404.html[22m [2m(+38ms)[22m 
2026-01-23T05:39:26.8167831Z [2m05:39:26[22m [32m▶[39m @astrojs/starlight/routes/static/index.astro
2026-01-23T05:39:26.8300986Z [2m05:39:26[22m   [34m├─[39m [2m/index.html[22m [2m(+12ms)[22m 
2026-01-23T05:39:26.8427002Z [2m05:39:26[22m   [34m├─[39m [2m/가설설정/index.html[22m [2m(+12ms)[22m 
2026-01-23T05:39:26.8541065Z [2m05:39:26[22m   [34m├─[39m [2m/서론/index.html[22m [2m(+9ms)[22m 
2026-01-23T05:39:26.8656366Z [2m05:39:26[22m   [34m├─[39m [2m/서론/연구계획서/index.html[22m [2m(+14ms)[22m 
2026-01-23T05:39:26.8831212Z [2m05:39:26[22m   [34m├─[39m [2m/서론/인간과-llm-비교표현-유연-생동-계층---250920/index.html[22m [2m(+17ms)[22m 
2026-01-23T05:39:26.8910626Z [2m05:39:26[22m   [34m├─[39m [2m/실험설계/현황/index.html[22m [2m(+8ms)[22m 
2026-01-23T05:39:26.8972146Z [2m05:39:26[22m   [34m├─[39m [2m/진행과정/index.html[22m [2m(+6ms)[22m 
2026-01-23T05:39:26.9046803Z [2m05:39:26[22m   [34m├─[39m [2m/참고문헌/기존-ai-패러다임-비판/index.html[22m [2m(+7ms)[22m 
2026-01-23T05:39:26.9104026Z [2m05:39:26[22m   [34m├─[39m [2m/핵심철학/index.html[22m [2m(+6ms)[22m 
2026-01-23T05:39:26.9164029Z [2m05:39:26[22m   [34m├─[39m [2m/agents/index.html[22m [2m(+6ms)[22m 
2026-01-23T05:39:26.9248861Z [2m05:39:26[22m   [34m├─[39m [2m/참고문헌/뇌과학/does_ai_mimic_human_brain/index.html[22m [2m(+8ms)[22m 
2026-01-23T05:39:26.9315364Z [2m05:39:26[22m   [34m├─[39m [2m/참고문헌/뇌과학/human_intelligence_finite_resources/index.html[22m [2m(+7ms)[22m 
2026-01-23T05:39:26.9395396Z [2m05:39:26[22m   [34m├─[39m [2m/참고문헌/동적청킹/h-nets/index.html[22m [2m(+8ms)[22m 
2026-01-23T05:39:26.9435395Z [2m05:39:26[22m   [34m├─[39m [2m/참고문헌/뇌과학/pmc_ncbi_cnn_inspiration/index.html[22m [2m(+4ms)[22m 
2026-01-23T05:39:26.9471419Z [2m05:39:26[22m   [34m├─[39m [2m/참고문헌/아키텍쳐/karpathy_attention/index.html[22m [2m(+4ms)[22m 
2026-01-23T05:39:26.9506325Z [2m05:39:26[22m   [34m├─[39m [2m/참고문헌/압축/efficient_compression_finite_resources/index.html[22m [2m(+3ms)[22m 
2026-01-23T05:39:26.9546942Z [2m05:39:26[22m   [34m├─[39m [2m/참고문헌/에이전트/efficient_ai_architecture_proof/index.html[22m [2m(+4ms)[22m 
2026-01-23T05:39:26.9591481Z [2m05:39:26[22m   [34m└─[39m [2m/참고문헌/에이전트/what_i_cannot_create_i_do_not_understand/index.html[22m [2m(+4ms)[22m 
2026-01-23T05:39:26.9592752Z [2m05:39:26[22m [32m✓ Completed in 227ms.
2026-01-23T05:39:26.9593167Z [39m
2026-01-23T05:39:27.2936777Z 
2026-01-23T05:39:27.2937441Z Running Pagefind v1.4.0 (Extended)
2026-01-23T05:39:27.2938480Z Running from: "/home/runner/work/new-token/new-token/node_modules/@astrojs/starlight"
2026-01-23T05:39:27.2939007Z Source:       "../../../dist"
2026-01-23T05:39:27.2939327Z Output:       "../../../dist/pagefind"
2026-01-23T05:39:27.2939528Z 
2026-01-23T05:39:27.2939792Z [Walking source directory]
2026-01-23T05:39:27.2944349Z Found 19 files matching **/*.{html}
2026-01-23T05:39:27.2945143Z 
2026-01-23T05:39:27.2945452Z [Parsing files]
2026-01-23T05:39:27.3510741Z Found a data-pagefind-body element on the site.
2026-01-23T05:39:27.3511787Z ↳ Ignoring pages without this tag.
2026-01-23T05:39:27.3512098Z 
2026-01-23T05:39:27.3512266Z [Reading languages]
2026-01-23T05:39:27.3541452Z Discovered 1 language: en
2026-01-23T05:39:27.3541742Z 
2026-01-23T05:39:27.3541929Z [Building search indexes]
2026-01-23T05:39:27.3559931Z Total: 
2026-01-23T05:39:27.3560895Z   Indexed 1 language
2026-01-23T05:39:27.3562100Z   Indexed 18 pages
2026-01-23T05:39:27.3563070Z   Indexed 1715 words
2026-01-23T05:39:27.3565781Z   Indexed 0 filters
2026-01-23T05:39:27.3567274Z   Indexed 0 sorts
2026-01-23T05:39:27.3689510Z 
2026-01-23T05:39:27.3691021Z Finished in 0.076 seconds
2026-01-23T05:39:27.3839941Z [33m[1m05:39:27[22m [WARN] [@astrojs/sitemap][39m The Sitemap integration requires the `site` astro.config option. Skipping.
2026-01-23T05:39:27.3841351Z [2m05:39:27[22m [34m[build][39m 19 page(s) built in [1m3.32s[22m
2026-01-23T05:39:27.3841898Z [2m05:39:27[22m [34m[build][39m [1mComplete![22m
2026-01-23T05:39:27.4365766Z ##[group]Run actions/cache/save@9255dc7a253b0ccc959486e2bca901246202afeb
2026-01-23T05:39:27.4366188Z with:
2026-01-23T05:39:27.4366381Z   path: ./node_modules/.astro
2026-01-23T05:39:27.4366717Z   key: astro-cache-Linux-60726b3cd26113a45b99c5ab87c9cc346506fbab
2026-01-23T05:39:27.4367090Z   enableCrossOsArchive: false
2026-01-23T05:39:27.4367338Z env:
2026-01-23T05:39:27.4367507Z   PACKAGE_MANAGER: npm
2026-01-23T05:39:27.4367724Z   LOCKFILE: package-lock.json
2026-01-23T05:39:27.4367949Z   VERSION: latest
2026-01-23T05:39:27.4368137Z ##[endgroup]
2026-01-23T05:39:27.5646649Z [command]/usr/bin/tar --posix -cf cache.tzst --exclude cache.tzst -P -C /home/runner/work/new-token/new-token --files-from manifest.txt --use-compress-program zstdmt
2026-01-23T05:39:27.8136327Z Sent 34011 of 34011 (100.0%), 0.4 MBs/sec
2026-01-23T05:39:27.9056314Z Cache saved with key: astro-cache-Linux-60726b3cd26113a45b99c5ab87c9cc346506fbab
2026-01-23T05:39:27.9219197Z ##[group]Run echo ::group::Archive artifact
2026-01-23T05:39:27.9219534Z [36;1mecho ::group::Archive artifact[0m
2026-01-23T05:39:27.9219808Z [36;1mtar \[0m
2026-01-23T05:39:27.9220040Z [36;1m  --dereference --hard-dereference \[0m
2026-01-23T05:39:27.9220341Z [36;1m  --directory "$INPUT_PATH" \[0m
2026-01-23T05:39:27.9220634Z [36;1m  -cvf "$RUNNER_TEMP/artifact.tar" \[0m
2026-01-23T05:39:27.9221123Z [36;1m  --exclude=.git \[0m
2026-01-23T05:39:27.9221389Z [36;1m  --exclude=.github \[0m
2026-01-23T05:39:27.9221627Z [36;1m  .[0m
2026-01-23T05:39:27.9221825Z [36;1mecho ::endgroup::[0m
2026-01-23T05:39:27.9419433Z shell: /usr/bin/sh -e {0}
2026-01-23T05:39:27.9419685Z env:
2026-01-23T05:39:27.9419875Z   PACKAGE_MANAGER: npm
2026-01-23T05:39:27.9420114Z   LOCKFILE: package-lock.json
2026-01-23T05:39:27.9420359Z   VERSION: latest
2026-01-23T05:39:27.9420732Z   INPUT_PATH: ./dist/
2026-01-23T05:39:27.9420949Z ##[endgroup]
2026-01-23T05:39:27.9490625Z ##[group]Archive artifact
2026-01-23T05:39:27.9506369Z ./
2026-01-23T05:39:27.9506964Z ./참고문헌/
2026-01-23T05:39:27.9507612Z ./참고문헌/압축/
2026-01-23T05:39:27.9508249Z ./참고문헌/압축/efficient_compression_finite_resources/
2026-01-23T05:39:27.9509116Z ./참고문헌/압축/efficient_compression_finite_resources/index.html
2026-01-23T05:39:27.9509720Z ./참고문헌/동적청킹/
2026-01-23T05:39:27.9510122Z ./참고문헌/동적청킹/h-nets/
2026-01-23T05:39:27.9510576Z ./참고문헌/동적청킹/h-nets/index.html
2026-01-23T05:39:27.9511559Z ./참고문헌/아키텍쳐/
2026-01-23T05:39:27.9512087Z ./참고문헌/아키텍쳐/karpathy_attention/
2026-01-23T05:39:27.9512740Z ./참고문헌/아키텍쳐/karpathy_attention/index.html
2026-01-23T05:39:27.9513250Z ./참고문헌/에이전트/
2026-01-23T05:39:27.9513844Z ./참고문헌/에이전트/what_i_cannot_create_i_do_not_understand/
2026-01-23T05:39:27.9514711Z ./참고문헌/에이전트/what_i_cannot_create_i_do_not_understand/index.html
2026-01-23T05:39:27.9515485Z ./참고문헌/에이전트/efficient_ai_architecture_proof/
2026-01-23T05:39:27.9516479Z ./참고문헌/에이전트/efficient_ai_architecture_proof/index.html
2026-01-23T05:39:27.9517038Z ./참고문헌/뇌과학/
2026-01-23T05:39:27.9517580Z ./참고문헌/뇌과학/human_intelligence_finite_resources/
2026-01-23T05:39:27.9518355Z ./참고문헌/뇌과학/human_intelligence_finite_resources/index.html
2026-01-23T05:39:27.9519048Z ./참고문헌/뇌과학/pmc_ncbi_cnn_inspiration/
2026-01-23T05:39:27.9519706Z ./참고문헌/뇌과학/pmc_ncbi_cnn_inspiration/index.html
2026-01-23T05:39:27.9520363Z ./참고문헌/뇌과학/does_ai_mimic_human_brain/
2026-01-23T05:39:27.9521012Z ./참고문헌/뇌과학/does_ai_mimic_human_brain/index.html
2026-01-23T05:39:27.9521613Z ./참고문헌/기존-ai-패러다임-비판/
2026-01-23T05:39:27.9522116Z ./참고문헌/기존-ai-패러다임-비판/index.html
2026-01-23T05:39:27.9522505Z ./pagefind/
2026-01-23T05:39:27.9522846Z ./pagefind/pagefind.js
2026-01-23T05:39:27.9523302Z ./pagefind/wasm.unknown.pagefind
2026-01-23T05:39:27.9523817Z ./pagefind/pagefind-modular-ui.js
2026-01-23T05:39:27.9524285Z ./pagefind/pagefind-ui.js
2026-01-23T05:39:27.9524679Z ./pagefind/index/
2026-01-23T05:39:27.9525153Z ./pagefind/index/en_e544fa3.pf_index
2026-01-23T05:39:27.9525778Z ./pagefind/pagefind-ui.css
2026-01-23T05:39:27.9526275Z ./pagefind/pagefind-modular-ui.css
2026-01-23T05:39:27.9526795Z ./pagefind/pagefind-entry.json
2026-01-23T05:39:27.9527290Z ./pagefind/pagefind-highlight.js
2026-01-23T05:39:27.9527759Z ./pagefind/wasm.en.pagefind
2026-01-23T05:39:27.9528282Z ./pagefind/pagefind.en_2d75c88964.pf_meta
2026-01-23T05:39:27.9528764Z ./pagefind/fragment/
2026-01-23T05:39:27.9529237Z ./pagefind/fragment/en_d06e9e4.pf_fragment
2026-01-23T05:39:27.9529827Z ./pagefind/fragment/en_4a5b603.pf_fragment
2026-01-23T05:39:27.9530392Z ./pagefind/fragment/en_385735c.pf_fragment
2026-01-23T05:39:27.9530952Z ./pagefind/fragment/en_31c412b.pf_fragment
2026-01-23T05:39:27.9531514Z ./pagefind/fragment/en_c9d237b.pf_fragment
2026-01-23T05:39:27.9532092Z ./pagefind/fragment/en_4c7563e.pf_fragment
2026-01-23T05:39:27.9532663Z ./pagefind/fragment/en_d7be88e.pf_fragment
2026-01-23T05:39:27.9533226Z ./pagefind/fragment/en_d78e7a5.pf_fragment
2026-01-23T05:39:27.9533799Z ./pagefind/fragment/en_b933c5e.pf_fragment
2026-01-23T05:39:27.9534369Z ./pagefind/fragment/en_26f1bb6.pf_fragment
2026-01-23T05:39:27.9534927Z ./pagefind/fragment/en_38b5592.pf_fragment
2026-01-23T05:39:27.9535539Z ./pagefind/fragment/en_fe72573.pf_fragment
2026-01-23T05:39:27.9537912Z ./pagefind/fragment/en_63d132b.pf_fragment
2026-01-23T05:39:27.9538526Z ./pagefind/fragment/en_9e4ff13.pf_fragment
2026-01-23T05:39:27.9539103Z ./pagefind/fragment/en_b158112.pf_fragment
2026-01-23T05:39:27.9539952Z ./pagefind/fragment/en_32dfd1a.pf_fragment
2026-01-23T05:39:27.9540523Z ./pagefind/fragment/en_863ca62.pf_fragment
2026-01-23T05:39:27.9541120Z ./pagefind/fragment/en_e54c452.pf_fragment
2026-01-23T05:39:27.9541583Z ./index.html
2026-01-23T05:39:27.9541896Z ./favicon.svg
2026-01-23T05:39:27.9542351Z ./실험설계/
2026-01-23T05:39:27.9543493Z ./실험설계/현황/
2026-01-23T05:39:27.9543977Z ./실험설계/현황/index.html
2026-01-23T05:39:27.9544362Z ./서론/
2026-01-23T05:39:27.9544703Z ./서론/index.html
2026-01-23T05:39:27.9545480Z ./서론/인간과-llm-비교표현-유연-생동-계층---250920/
2026-01-23T05:39:27.9546416Z ./서론/인간과-llm-비교표현-유연-생동-계층---250920/index.html
2026-01-23T05:39:27.9547015Z ./서론/연구계획서/
2026-01-23T05:39:27.9547473Z ./서론/연구계획서/index.html
2026-01-23T05:39:27.9547867Z ./_astro/
2026-01-23T05:39:27.9548256Z ./_astro/page.B1D-nYk3.js
2026-01-23T05:39:27.9548615Z ./_astro/print.DNXP8c50.css
2026-01-23T05:39:27.9548876Z ./_astro/ec.0vx5m.js
2026-01-23T05:39:27.9549266Z ./_astro/Search.astro_astro_type_script_index_0_lang.cjYDvRdi.js
2026-01-23T05:39:27.9549880Z ./_astro/MobileTableOfContents.astro_astro_type_script_index_0_lang.C181hMzK.js
2026-01-23T05:39:27.9550331Z ./_astro/ui-core.D_Lfcn_I.js
2026-01-23T05:39:27.9550772Z ./_astro/TableOfContents.astro_astro_type_script_index_0_lang.CKWWgpjV.js
2026-01-23T05:39:27.9551170Z ./_astro/ec.v4551.css
2026-01-23T05:39:27.9551405Z ./_astro/index.D-Ku3wUz.css
2026-01-23T05:39:27.9551638Z ./agents/
2026-01-23T05:39:27.9551835Z ./agents/index.html
2026-01-23T05:39:27.9552111Z ./가설설정/
2026-01-23T05:39:27.9552342Z ./가설설정/index.html
2026-01-23T05:39:27.9552559Z ./핵심철학/
2026-01-23T05:39:27.9552769Z ./핵심철학/index.html
2026-01-23T05:39:27.9552957Z ./404.html
2026-01-23T05:39:27.9553155Z ./진행과정/
2026-01-23T05:39:27.9553370Z ./진행과정/index.html
2026-01-23T05:39:27.9553749Z ##[endgroup]
2026-01-23T05:39:27.9799209Z ##[group]Run actions/upload-artifact@ea165f8d65b6e75b540449e92b4886f43607fa02
2026-01-23T05:39:27.9799594Z with:
2026-01-23T05:39:27.9799773Z   name: github-pages
2026-01-23T05:39:27.9800015Z   path: /home/runner/work/_temp/artifact.tar
2026-01-23T05:39:27.9800312Z   retention-days: 1
2026-01-23T05:39:27.9800520Z   if-no-files-found: error
2026-01-23T05:39:27.9800746Z   compression-level: 6
2026-01-23T05:39:27.9800953Z   overwrite: false
2026-01-23T05:39:27.9801158Z   include-hidden-files: false
2026-01-23T05:39:27.9801385Z env:
2026-01-23T05:39:27.9801559Z   PACKAGE_MANAGER: npm
2026-01-23T05:39:27.9801779Z   LOCKFILE: package-lock.json
2026-01-23T05:39:27.9802019Z   VERSION: latest
2026-01-23T05:39:27.9802217Z ##[endgroup]
2026-01-23T05:39:28.2249283Z With the provided path, there will be 1 file uploaded
2026-01-23T05:39:28.2255089Z Artifact name is valid!
2026-01-23T05:39:28.2256834Z Root directory input is valid!
2026-01-23T05:39:28.3050289Z Beginning upload of artifact content to blob storage
2026-01-23T05:39:28.4368483Z Uploaded bytes 316608
2026-01-23T05:39:28.4562601Z Finished uploading artifact content to blob storage!
2026-01-23T05:39:28.4566600Z SHA256 digest of uploaded artifact zip is e69ac94539217cce8877fa5c423a4669f78a9729d527c1f838a637d3e1871e8f
2026-01-23T05:39:28.4567825Z Finalizing artifact upload
2026-01-23T05:39:28.5293107Z Artifact github-pages.zip successfully finalized. Artifact ID 5229734833
2026-01-23T05:39:28.5294582Z Artifact github-pages has been successfully uploaded! Final size is 316608 bytes. Artifact ID is 5229734833
2026-01-23T05:39:28.5301696Z Artifact download URL: https://github.com/Finerestaurant/new-token/actions/runs/21275917963/artifacts/5229734833
2026-01-23T05:39:28.5769139Z Post job cleanup.
2026-01-23T05:39:28.6048700Z Post job cleanup.
2026-01-23T05:39:28.7284559Z (node:2495) [DEP0040] DeprecationWarning: The `punycode` module is deprecated. Please use a userland alternative instead.
2026-01-23T05:39:28.7286292Z (Use `node --trace-deprecation ...` to show where the warning was created)
2026-01-23T05:39:28.7289821Z Cache hit occurred on the primary key node-cache-Linux-x64-npm-3f16162c7c30ae52788b816e69cf88e045e85067d11f962aef1b9af21d9d573c, not saving cache.
2026-01-23T05:39:28.7873532Z Post job cleanup.
2026-01-23T05:39:28.9006292Z [command]/usr/bin/git version
2026-01-23T05:39:28.9066164Z git version 2.52.0
2026-01-23T05:39:28.9124002Z Temporarily overriding HOME='/home/runner/work/_temp/d9c34491-cfe6-4d15-a3f2-31be98401898' before making global git config changes
2026-01-23T05:39:28.9125512Z Adding repository directory to the temporary git global config as a safe directory
2026-01-23T05:39:28.9140611Z [command]/usr/bin/git config --global --add safe.directory /home/runner/work/new-token/new-token
2026-01-23T05:39:28.9186474Z [command]/usr/bin/git config --local --name-only --get-regexp core\.sshCommand
2026-01-23T05:39:28.9230122Z [command]/usr/bin/git submodule foreach --recursive sh -c "git config --local --name-only --get-regexp 'core\.sshCommand' && git config --local --unset-all 'core.sshCommand' || :"
2026-01-23T05:39:28.9503528Z [command]/usr/bin/git config --local --name-only --get-regexp http\.https\:\/\/github\.com\/\.extraheader
2026-01-23T05:39:28.9529422Z http.https://github.com/.extraheader
2026-01-23T05:39:28.9540760Z [command]/usr/bin/git config --local --unset-all http.https://github.com/.extraheader
2026-01-23T05:39:28.9573327Z [command]/usr/bin/git submodule foreach --recursive sh -c "git config --local --name-only --get-regexp 'http\.https\:\/\/github\.com\/\.extraheader' && git config --local --unset-all 'http.https://github.com/.extraheader' || :"
2026-01-23T05:39:28.9807582Z [command]/usr/bin/git config --local --name-only --get-regexp ^includeIf\.gitdir:
2026-01-23T05:39:28.9839066Z [command]/usr/bin/git submodule foreach --recursive git config --local --show-origin --name-only --get-regexp remote.origin.url
2026-01-23T05:39:29.0176842Z Cleaning up orphan processes
